 a

 Timestamp is 432c26ae (Sat Sep 17 16:22:38 2005)

 Preferred load address is 00400000

 Start         Length     Name                   Class
 0001:00000000 00000606H .text                   CODE
 0002:00000000 000000b8H .idata$5                DATA
 0002:000000b8 00000064H .idata$2                DATA
 0002:0000011c 00000014H .idata$3                DATA
 0002:00000130 000000b8H .idata$4                DATA
 0002:000001e8 000002d2H .idata$6                DATA
 0002:000004ba 00000000H .edata                  DATA
 0003:00000000 000000e6H .data                   DATA

  Address         Publics by Value              Rva+Base     Lib:Object

 0001:00000000       _CreateWin@44              00401000 f   a.obj
 0001:000000ca       _GetMsg@4                  004010ca f   a.obj
 0001:000000fd       _PeekMsg@4                 004010fd f   a.obj
 0001:00000132       _kbf                       00401132 f   a.obj
 0001:00000144       _render                    00401144 f   a.obj
 0001:0000032f       _idle                      0040132f f   a.obj
 0001:00000347       _start                     00401347 f   a.obj
 0001:000003ab       _WinMain@16                004013ab f   a.obj
 0001:00000510       _ExitProcess@4             00401510 f   kernel32:kernel32.dll
 0001:00000516       _GetCommandLineA@0         00401516 f   kernel32:kernel32.dll
 0001:0000051c       _GetModuleHandleA@4        0040151c f   kernel32:kernel32.dll
 0001:00000522       _CreateWindowExA@48        00401522 f   user32:user32.dll
 0001:00000528       _DispatchMessageA@4        00401528 f   user32:user32.dll
 0001:0000052e       _GetMessageA@16            0040152e f   user32:user32.dll
 0001:00000534       _LoadCursorA@8             00401534 f   user32:user32.dll
 0001:0000053a       _LoadIconA@8               0040153a f   user32:user32.dll
 0001:00000540       _PeekMessageA@20           00401540 f   user32:user32.dll
 0001:00000546       _RegisterClassExA@4        00401546 f   user32:user32.dll
 0001:0000054c       _ShowWindow@8              0040154c f   user32:user32.dll
 0001:00000552       _TranslateMessage@4        00401552 f   user32:user32.dll
 0001:00000558       _UpdateWindow@4            00401558 f   user32:user32.dll
 0001:0000055e       _glClear@4                 0040155e f   gl:opengl32.dll
 0001:00000564       _glClearColor@16           00401564 f   gl:opengl32.dll
 0001:0000056a       _glColor3f@12              0040156a f   gl:opengl32.dll
 0001:00000570       _glColorMaterial@8         00401570 f   gl:opengl32.dll
 0001:00000576       _glEnable@4                00401576 f   gl:opengl32.dll
 0001:0000057c       _glLightfv@12              0040157c f   gl:opengl32.dll
 0001:00000582       _glLoadIdentity@0          00401582 f   gl:opengl32.dll
 0001:00000588       _glMaterialf@12            00401588 f   gl:opengl32.dll
 0001:0000058e       _glMaterialfv@12           0040158e f   gl:opengl32.dll
 0001:00000594       _glMatrixMode@4            00401594 f   gl:opengl32.dll
 0001:0000059a       _glOrtho@48                0040159a f   gl:opengl32.dll
 0001:000005a0       _glPopMatrix@0             004015a0 f   gl:opengl32.dll
 0001:000005a6       _glPushMatrix@0            004015a6 f   gl:opengl32.dll
 0001:000005ac       _glRotatef@16              004015ac f   gl:opengl32.dll
 0001:000005b2       _glTranslatef@12           004015b2 f   gl:opengl32.dll
 0001:000005b8       _gluNewQuadric@0           004015b8 f   glu32:glu32.dll
 0001:000005be       _gluDeleteQuadric@4        004015be f   glu32:glu32.dll
 0001:000005c4       _gluQuadricDrawStyle@8     004015c4 f   glu32:glu32.dll
 0001:000005ca       _gluCylinder@36            004015ca f   glu32:glu32.dll
 0001:000005d0       _gluSphere@20              004015d0 f   glu32:glu32.dll
 0001:000005d6       _glutInitDisplayMode@4     004015d6 f   glut32:glut32.dll
 0001:000005dc       _glutMainLoop@0            004015dc f   glut32:glut32.dll
 0001:000005e2       _glutCreateWindow@4        004015e2 f   glut32:glut32.dll
 0001:000005e8       _glutSwapBuffers@0         004015e8 f   glut32:glut32.dll
 0001:000005ee       _glutFullScreen@0          004015ee f   glut32:glut32.dll
 0001:000005f4       _glutDisplayFunc@4         004015f4 f   glut32:glut32.dll
 0001:000005fa       _glutKeyboardFunc@4        004015fa f   glut32:glut32.dll
 0001:00000600       _glutIdleFunc@4            00401600 f   glut32:glut32.dll
 0002:00000000       __imp__gluDeleteQuadric@4  00402000     glu32:glu32.dll
 0002:00000004       __imp__gluNewQuadric@0     00402004     glu32:glu32.dll
 0002:00000008       __imp__gluQuadricDrawStyle@8 00402008     glu32:glu32.dll
 0002:0000000c       __imp__gluSphere@20        0040200c     glu32:glu32.dll
 0002:00000010       __imp__gluCylinder@36      00402010     glu32:glu32.dll
 0002:00000014       \177glu32_NULL_THUNK_DATA  00402014     glu32:glu32.dll
 0002:00000018       __imp__glutDisplayFunc@4   00402018     glut32:glut32.dll
 0002:0000001c       __imp__glutKeyboardFunc@4  0040201c     glut32:glut32.dll
 0002:00000020       __imp__glutCreateWindow@4  00402020     glut32:glut32.dll
 0002:00000024       __imp__glutMainLoop@0      00402024     glut32:glut32.dll
 0002:00000028       __imp__glutInitDisplayMode@4 00402028     glut32:glut32.dll
 0002:0000002c       __imp__glutIdleFunc@4      0040202c     glut32:glut32.dll
 0002:00000030       __imp__glutFullScreen@0    00402030     glut32:glut32.dll
 0002:00000034       __imp__glutSwapBuffers@0   00402034     glut32:glut32.dll
 0002:00000038       \177glut32_NULL_THUNK_DATA 00402038     glut32:glut32.dll
 0002:0000003c       __imp__GetModuleHandleA@4  0040203c     kernel32:kernel32.dll
 0002:00000040       __imp__GetCommandLineA@0   00402040     kernel32:kernel32.dll
 0002:00000044       __imp__ExitProcess@4       00402044     kernel32:kernel32.dll
 0002:00000048       \177kernel32_NULL_THUNK_DATA 00402048     kernel32:kernel32.dll
 0002:0000004c       __imp__glEnable@4          0040204c     gl:opengl32.dll
 0002:00000050       __imp__glLightfv@12        00402050     gl:opengl32.dll
 0002:00000054       __imp__glLoadIdentity@0    00402054     gl:opengl32.dll
 0002:00000058       __imp__glColorMaterial@8   00402058     gl:opengl32.dll
 0002:0000005c       __imp__glMatrixMode@4      0040205c     gl:opengl32.dll
 0002:00000060       __imp__glMaterialfv@12     00402060     gl:opengl32.dll
 0002:00000064       __imp__glColor3f@12        00402064     gl:opengl32.dll
 0002:00000068       __imp__glOrtho@48          00402068     gl:opengl32.dll
 0002:0000006c       __imp__glPopMatrix@0       0040206c     gl:opengl32.dll
 0002:00000070       __imp__glPushMatrix@0      00402070     gl:opengl32.dll
 0002:00000074       __imp__glRotatef@16        00402074     gl:opengl32.dll
 0002:00000078       __imp__glTranslatef@12     00402078     gl:opengl32.dll
 0002:0000007c       __imp__glClear@4           0040207c     gl:opengl32.dll
 0002:00000080       __imp__glClearColor@16     00402080     gl:opengl32.dll
 0002:00000084       __imp__glMaterialf@12      00402084     gl:opengl32.dll
 0002:00000088       \177opengl32_NULL_THUNK_DATA 00402088     gl:opengl32.dll
 0002:0000008c       __imp__LoadIconA@8         0040208c     user32:user32.dll
 0002:00000090       __imp__UpdateWindow@4      00402090     user32:user32.dll
 0002:00000094       __imp__TranslateMessage@4  00402094     user32:user32.dll
 0002:00000098       __imp__ShowWindow@8        00402098     user32:user32.dll
 0002:0000009c       __imp__RegisterClassExA@4  0040209c     user32:user32.dll
 0002:000000a0       __imp__PeekMessageA@20     004020a0     user32:user32.dll
 0002:000000a4       __imp__LoadCursorA@8       004020a4     user32:user32.dll
 0002:000000a8       __imp__GetMessageA@16      004020a8     user32:user32.dll
 0002:000000ac       __imp__DispatchMessageA@4  004020ac     user32:user32.dll
 0002:000000b0       __imp__CreateWindowExA@48  004020b0     user32:user32.dll
 0002:000000b4       \177user32_NULL_THUNK_DATA 004020b4     user32:user32.dll
 0002:000000b8       __IMPORT_DESCRIPTOR_kernel32 004020b8     kernel32:kernel32.dll
 0002:000000cc       __IMPORT_DESCRIPTOR_user32 004020cc     user32:user32.dll
 0002:000000e0       __IMPORT_DESCRIPTOR_opengl32 004020e0     gl:opengl32.dll
 0002:000000f4       __IMPORT_DESCRIPTOR_glu32  004020f4     glu32:glu32.dll
 0002:00000108       __IMPORT_DESCRIPTOR_glut32 00402108     glut32:glut32.dll
 0002:0000011c       __NULL_IMPORT_DESCRIPTOR   0040211c     kernel32:kernel32.dll

 entry point at        0001:00000347

 Static symbols

